// Jest Snapshot v1, https://goo.gl/fbAQLP

exports[`renders the placeholder 1`] = `
<div>
  <FloatingActionButton
    link="/activity/new"
  >
    <ContentAdd />
  </FloatingActionButton>
  <SlideInBottom
    onRest={[Function]}
  >
    <ActivityCardPlaceholder />
  </SlideInBottom>
</div>
`;

exports[`renders without throwing 1`] = `
<div>
  <FloatingActionButton
    link="/activity/new"
  >
    <ContentAdd />
  </FloatingActionButton>
  <InfiniteScroll
    element="div"
    hasMore={true}
    initialLoad={true}
    isReverse={false}
    loadMore={[Function]}
    loader={<ActivityCardPlaceholder />}
    pageStart={0}
    threshold={250}
    useCapture={false}
    useWindow={true}
  >
    <FadeIn
      key="11"
    >
      <ActivityCardPadded
        activity={
          Object {
            "completed": null,
            "created": "2017-11-09T03:23:13.595165Z",
            "crumb_shot": "https://crumbproof-img.s3.amazonaws.com/media/images/8fa50806-f37.jpg",
            "id": 11,
            "name": "Saturday wholewheat but on a Thursday (first attempt)",
            "notes": "Boule didn't hold much tension after the final proof. Decent crumb but crust wasn't crunchy.
          
          Maybe less water next time.",
            "oven_end": null,
            "oven_start": null,
            "recipe": Object {
              "base_recipe": null,
              "created": "2017-10-31T22:18:58.628723Z",
              "data": Object {
                "credits": "Flour water salt yeast by Ken Forkish",
                "ingredients": Array [
                  Object {
                    "id": "eced125b-b723-445e-bc0b-80e361afac89",
                    "name": "Whole wheat flour",
                    "quantity": 750,
                    "unit": "g",
                  },
                  Object {
                    "id": "917f91af-9f47-4013-a885-286e7f970fbd",
                    "name": "White flour",
                    "quantity": 250,
                    "unit": "g",
                  },
                  Object {
                    "id": "7d357b9c-6459-4b54-a9eb-47767219ca9c",
                    "name": "Water (32ºC - 35ºC)",
                    "quantity": 800,
                    "unit": "mL",
                  },
                  Object {
                    "id": "a1e88f44-5e81-42a6-8705-bc79b0349d19",
                    "name": "Fine sea salt",
                    "quantity": 22,
                    "unit": "g",
                  },
                  Object {
                    "id": "822a69a9-f26c-4ecb-ab67-8957ea32d16a",
                    "name": "Instant dried yeast",
                    "quantity": 3,
                    "unit": "g",
                  },
                ],
                "instructions": Array [
                  Object {
                    "content": "Mix the all the flour and water",
                    "id": "08bde909-e991-4297-9d3f-366c07f0db5d",
                  },
                  Object {
                    "content": "Cover and rest (up to 30 minutes)",
                    "id": "d056221d-2403-4e1e-af6b-2047dc20fa2b",
                    "time_gap_to_next": 20,
                  },
                  Object {
                    "content": "Add salt and yeast",
                    "id": "1cae6ce9-2fd8-43ac-99b7-d5f67033ff00",
                  },
                  Object {
                    "content": "Mix",
                    "id": "66f04260-a700-4aa1-80ef-6261f483cd62",
                  },
                  Object {
                    "content": "Cut (pincer) and fold",
                    "id": "a7daf818-0ad3-4ffa-8cae-be0da68c2e34",
                  },
                  Object {
                    "content": "Micro rest",
                    "id": "8576e944-9878-4c2f-9dd4-950a7009fdf7",
                    "time_gap_to_next": 5,
                  },
                  Object {
                    "content": "Cut and fold a tiny bit more",
                    "id": "f9e192a6-4dd8-41c1-a41e-cb34d3672af5",
                    "time_gap_to_next": 1,
                  },
                  Object {
                    "content": "Cover tub, rest",
                    "id": "84db3794-288e-48c8-8c4d-e533b908a12a",
                    "time_gap_to_next": 10,
                  },
                  Object {
                    "content": "3x Fold gently and rest (or until dough is spread out)",
                    "id": "af928e57-8e00-478f-8825-63ba35aaa6e6",
                    "time_gap_to_next": 60,
                  },
                  Object {
                    "content": "Cover tub, rest",
                    "id": "b39ac47b-01de-452e-8ce9-5f105ec36431",
                    "time_gap_to_next": 240,
                  },
                  Object {
                    "content": "Split into 2  and shape",
                    "id": "f340ed79-2939-41a0-bae4-49a6b38287f2",
                  },
                  Object {
                    "content": "Lightly flour top and cover with tea towel (assuming room temp ~21°C, otherwise 60 mins if warmer)",
                    "id": "5b3090b8-e6c4-4846-b08f-ab177348d2cb",
                    "time_gap_to_next": 55,
                  },
                  Object {
                    "content": "Preheat oven with dutch oven",
                    "id": "5737588d-1016-4332-a865-abc1e109c827",
                  },
                  Object {
                    "content": "Place a single loaf into the fridge, continue proofing other",
                    "id": "4269f5b7-7cff-4178-a929-41357a866c1f",
                    "time_gap_to_next": 20,
                  },
                  Object {
                    "content": "Start baking (seam side up) with the lid on",
                    "id": "38482248-3202-4539-9901-880a0ae3c1fd",
                    "time_gap_to_next": 30,
                  },
                  Object {
                    "content": "Remove lid and continue baking (or until medium dark brown)",
                    "id": "17c6a1e3-a9a6-4db0-b3ad-e01beb82f3ff",
                    "time_gap_to_next": 20,
                  },
                  Object {
                    "content": "Remove from oven and rest",
                    "id": "6d82d310-50a3-4fbb-90be-8fa418c476bf",
                    "time_gap_to_next": 20,
                  },
                  Object {
                    "content": "EAT ALL THE BREAD",
                    "id": "c7f6dc4b-804e-4c57-bf5c-74cb4865916f",
                  },
                ],
                "name": "The Saturday 75% Whole Wheat Bread",
                "room_temperature": 22,
                "yield_count": 2,
                "yield_type": "Loaves",
              },
              "diff": null,
              "id": 5,
              "parent": null,
              "user": "neildc",
            },
            "started": null,
            "user": "neildc",
          }
        }
      />
    </FadeIn>
    <ActivityCardPadded
      activity={
        Object {
          "completed": null,
          "created": "2017-10-31T05:54:01.860275Z",
          "crumb_shot": "https://crumbproof-img.s3.amazonaws.com/media/images/1277d83f-c40.jpg",
          "id": 2,
          "name": "Attempt #3: A little bit darker",
          "notes": "Playing around with a bit more time in the oven.",
          "oven_end": null,
          "oven_start": null,
          "recipe": Object {
            "base_recipe": 1,
            "created": "2017-10-31T05:54:00.788891Z",
            "data": Object {
              "ingredients": Array [
                Object {
                  "id": "9c827860-1aa5-4e00-9eca-9b25ac3c0a8b",
                  "name": "Lauke Wholegrain Breadmix",
                  "quantity": 590,
                  "unit": "grams",
                },
                Object {
                  "id": "eb1b8781-68d0-4f17-aef5-cd572488c253",
                  "name": "Water",
                  "quantity": "380",
                  "unit": "mL",
                },
                Object {
                  "id": "eab76adf-a6aa-44f0-aba4-bcc1578ba34e",
                  "name": "Yeast",
                  "quantity": 3,
                  "unit": "Teaspoons",
                },
              ],
              "instructions": Array [
                Object {
                  "content": "Dump all ingredients into the bowl",
                  "id": "3e62254f-dec3-469a-a914-1fa5f28ad7b1",
                  "step_number": 1,
                  "time_gap_to_next": 0,
                },
                Object {
                  "content": "Mix everything together",
                  "id": "0fae1481-8e36-406d-bdb1-1bd63a1fac39",
                  "step_number": 2,
                  "time_gap_to_next": 5,
                },
                Object {
                  "content": "Knead",
                  "id": "e7478adf-b000-4b1b-8ee6-9d5608cfc95d",
                  "step_number": 3,
                  "time_gap_to_next": 15,
                },
                Object {
                  "content": "Place into a cling wrapped container",
                  "id": "1cf51cf8-3fb7-47ea-9d5a-9743dbde5068",
                  "step_number": 4,
                },
                Object {
                  "content": "Proof",
                  "id": "86a03291-146a-4935-b8d7-b1afcef11924",
                  "step_number": 5,
                  "time_gap_to_next": 30,
                },
                Object {
                  "content": "Fold",
                  "id": "980dbd9c-2ec3-4ef1-a477-fc9e361a2c59",
                  "step_number": 6,
                },
                Object {
                  "content": "Proof",
                  "id": "45e1857e-b223-434c-ad8d-137eae4e3d32",
                  "step_number": 7,
                  "time_gap_to_next": 30,
                },
                Object {
                  "content": "Fold",
                  "id": "f107ac75-7f34-4721-b02b-2a4cc19ee4c7",
                  "step_number": 8,
                  "time_gap_to_next": 0,
                },
                Object {
                  "content": "Proof",
                  "id": "51657483-038f-41d2-ac12-e105c6a99b22",
                  "step_number": 9,
                  "time_gap_to_next": 60,
                },
                Object {
                  "content": "Preheat oven and dutch oven",
                  "id": "0e301924-217c-44ce-ab84-46495ad63d0b",
                  "step_number": 10,
                },
                Object {
                  "content": "Shape dough",
                  "id": "1350120b-79c0-4314-a7cc-08fe9b6fbaab",
                  "step_number": 11,
                },
                Object {
                  "content": "Final proof",
                  "id": "05c72cff-a836-4e99-a7a7-5163286333f8",
                  "step_number": 12,
                  "time_gap_to_next": 25,
                },
                Object {
                  "content": "Sprinkle a bit of water onto the dough",
                  "id": "92c2d615-cab8-42d7-901b-ffebeeb88d4e",
                },
                Object {
                  "content": "Start baking with lid on at the bottom rack of the oven",
                  "id": "c1c185ab-4859-493f-a292-2464b76cc494",
                  "step_number": 13,
                  "time_gap_to_next": 30,
                },
                Object {
                  "content": "Remove lid and continue baking",
                  "id": "32a3b48b-4d4f-455a-87b4-b5f36444e595",
                  "step_number": 14,
                  "time_gap_to_next": "15",
                },
                Object {
                  "content": "Remove from oven and rest",
                  "id": "dfb737bb-5291-4e58-8162-a19cfa6d3aa3",
                  "step_number": 15,
                  "time_gap_to_next": 10,
                },
                Object {
                  "content": "EAT ALL THE BREAD",
                  "id": "983d591d-f050-4fb1-8a34-63db202f6c72",
                  "step_number": 16,
                },
              ],
              "name": "It was the only flour they had v3",
              "room_temperature": 22,
              "yield_count": 1,
              "yield_type": "Loaf",
            },
            "diff": Object {
              "ingredients": null,
              "instructions": Object {
                "added": Array [],
                "modified": Array [
                  Object {
                    "content": "Start baking with lid on at the bottom rack of the oven",
                    "id": "c1c185ab-4859-493f-a292-2464b76cc494",
                    "step_number": 13,
                    "time_gap_to_next": 30,
                  },
                  Object {
                    "content": "Remove lid and continue baking",
                    "id": "32a3b48b-4d4f-455a-87b4-b5f36444e595",
                    "step_number": 14,
                    "time_gap_to_next": "15",
                  },
                ],
                "removed": Array [],
              },
            },
            "id": 3,
            "parent": 2,
            "user": "neildc",
          },
          "started": null,
          "user": "neildc",
        }
      }
      key="2"
    />
    <ActivityCardPadded
      activity={
        Object {
          "completed": null,
          "created": "2017-10-31T05:50:45.906498Z",
          "crumb_shot": "https://crumbproof-img.s3.amazonaws.com/media/images/d02376ee-674.jpg",
          "id": 1,
          "name": "Attempt #2: bit more water",
          "notes": "Got a bit more spring compared to last time.",
          "oven_end": null,
          "oven_start": null,
          "recipe": Object {
            "base_recipe": 1,
            "created": "2017-10-31T05:50:44.821819Z",
            "data": Object {
              "ingredients": Array [
                Object {
                  "id": "9c827860-1aa5-4e00-9eca-9b25ac3c0a8b",
                  "name": "Lauke Wholegrain Breadmix",
                  "quantity": 590,
                  "unit": "grams",
                },
                Object {
                  "id": "eb1b8781-68d0-4f17-aef5-cd572488c253",
                  "name": "Water",
                  "quantity": "380",
                  "unit": "mL",
                },
                Object {
                  "id": "eab76adf-a6aa-44f0-aba4-bcc1578ba34e",
                  "name": "Yeast",
                  "quantity": 3,
                  "unit": "Teaspoons",
                },
              ],
              "instructions": Array [
                Object {
                  "content": "Dump all ingredients into the bowl",
                  "id": "3e62254f-dec3-469a-a914-1fa5f28ad7b1",
                  "step_number": 1,
                  "time_gap_to_next": 0,
                },
                Object {
                  "content": "Mix everything together",
                  "id": "0fae1481-8e36-406d-bdb1-1bd63a1fac39",
                  "step_number": 2,
                  "time_gap_to_next": 5,
                },
                Object {
                  "content": "Knead",
                  "id": "e7478adf-b000-4b1b-8ee6-9d5608cfc95d",
                  "step_number": 3,
                  "time_gap_to_next": 15,
                },
                Object {
                  "content": "Place into a cling wrapped container",
                  "id": "1cf51cf8-3fb7-47ea-9d5a-9743dbde5068",
                  "step_number": 4,
                },
                Object {
                  "content": "Proof",
                  "id": "86a03291-146a-4935-b8d7-b1afcef11924",
                  "step_number": 5,
                  "time_gap_to_next": 30,
                },
                Object {
                  "content": "Fold",
                  "id": "980dbd9c-2ec3-4ef1-a477-fc9e361a2c59",
                  "step_number": 6,
                },
                Object {
                  "content": "Proof",
                  "id": "45e1857e-b223-434c-ad8d-137eae4e3d32",
                  "step_number": 7,
                  "time_gap_to_next": 30,
                },
                Object {
                  "content": "Fold",
                  "id": "f107ac75-7f34-4721-b02b-2a4cc19ee4c7",
                  "step_number": 8,
                  "time_gap_to_next": 0,
                },
                Object {
                  "content": "Proof",
                  "id": "51657483-038f-41d2-ac12-e105c6a99b22",
                  "step_number": 9,
                  "time_gap_to_next": 60,
                },
                Object {
                  "content": "Preheat oven and dutch oven",
                  "id": "0e301924-217c-44ce-ab84-46495ad63d0b",
                  "step_number": 10,
                },
                Object {
                  "content": "Shape dough",
                  "id": "1350120b-79c0-4314-a7cc-08fe9b6fbaab",
                  "step_number": 11,
                },
                Object {
                  "content": "Final proof",
                  "id": "05c72cff-a836-4e99-a7a7-5163286333f8",
                  "step_number": 12,
                  "time_gap_to_next": 25,
                },
                Object {
                  "content": "Sprinkle a bit of water onto the dough",
                  "id": "92c2d615-cab8-42d7-901b-ffebeeb88d4e",
                },
                Object {
                  "content": "Start baking with lid on",
                  "id": "c1c185ab-4859-493f-a292-2464b76cc494",
                  "step_number": 13,
                  "time_gap_to_next": 30,
                },
                Object {
                  "content": "Remove lid and continue baking",
                  "id": "32a3b48b-4d4f-455a-87b4-b5f36444e595",
                  "step_number": 14,
                  "time_gap_to_next": 10,
                },
                Object {
                  "content": "Remove from oven and rest",
                  "id": "dfb737bb-5291-4e58-8162-a19cfa6d3aa3",
                  "step_number": 15,
                  "time_gap_to_next": 10,
                },
                Object {
                  "content": "EAT ALL THE BREAD",
                  "id": "983d591d-f050-4fb1-8a34-63db202f6c72",
                  "step_number": 16,
                },
              ],
              "name": "It was the only flour they had v2",
              "room_temperature": 22,
              "yield_count": 1,
              "yield_type": "Loaf",
            },
            "diff": Object {
              "ingredients": Object {
                "added": Array [],
                "modified": Array [
                  Object {
                    "id": "eb1b8781-68d0-4f17-aef5-cd572488c253",
                    "name": "Water",
                    "quantity": "380",
                    "unit": "mL",
                  },
                ],
                "removed": Array [],
              },
              "instructions": Object {
                "added": Array [
                  Object {
                    "content": "Sprinkle a bit of water onto the dough",
                    "id": "92c2d615-cab8-42d7-901b-ffebeeb88d4e",
                  },
                ],
                "modified": Array [],
                "removed": Array [],
              },
            },
            "id": 2,
            "parent": 1,
            "user": "neildc",
          },
          "started": null,
          "user": "neildc",
        }
      }
      key="1"
    />
    <ActivityCardPadded
      activity={
        Object {
          "completed": null,
          "created": "2017-10-24T21:53:19.910185Z",
          "crumb_shot": "https://crumbproof-img.s3.amazonaws.com/media/images/4d7ff2db-f7b.jpg",
          "id": 118,
          "name": "80% White, 20% Spelt Sourdough at 76% hydro",
          "notes": "https://redd.it/64kimp",
          "oven_end": null,
          "oven_start": null,
          "recipe": null,
          "started": null,
          "user": "breadit",
        }
      }
      key="118"
    />
    <ActivityCardPadded
      activity={
        Object {
          "completed": null,
          "created": "2017-10-24T21:53:17.154140Z",
          "crumb_shot": "https://crumbproof-img.s3.amazonaws.com/media/images/e3722eea-116.jpg",
          "id": 117,
          "name": "Proof tight sweet prince",
          "notes": "https://redd.it/6w0gl7",
          "oven_end": null,
          "oven_start": null,
          "recipe": null,
          "started": null,
          "user": "breadit",
        }
      }
      key="117"
    />
    <ActivityCardPadded
      activity={
        Object {
          "completed": null,
          "created": "2017-10-24T21:53:12.464319Z",
          "crumb_shot": "https://crumbproof-img.s3.amazonaws.com/media/images/3008eaa1-5da.jpg",
          "id": 116,
          "name": "Blew my lid with this 360 degree ear.",
          "notes": "https://redd.it/74p85c",
          "oven_end": null,
          "oven_start": null,
          "recipe": null,
          "started": null,
          "user": "breadit",
        }
      }
      key="116"
    />
    <ActivityCardPadded
      activity={
        Object {
          "completed": null,
          "created": "2017-10-24T21:53:06.759565Z",
          "crumb_shot": "https://crumbproof-img.s3.amazonaws.com/media/images/4b1d4050-4bf.jpg",
          "id": 115,
          "name": "That Sunday morning bake",
          "notes": "https://redd.it/67jz9f",
          "oven_end": null,
          "oven_start": null,
          "recipe": null,
          "started": null,
          "user": "breadit",
        }
      }
      key="115"
    />
    <ActivityCardPadded
      activity={
        Object {
          "completed": null,
          "created": "2017-10-24T21:53:02.235143Z",
          "crumb_shot": "https://crumbproof-img.s3.amazonaws.com/media/images/6a478109-563.jpg",
          "id": 114,
          "name": "The hills of focaccia.",
          "notes": "https://redd.it/5wh0v8",
          "oven_end": null,
          "oven_start": null,
          "recipe": null,
          "started": null,
          "user": "breadit",
        }
      }
      key="114"
    />
    <ActivityCardPadded
      activity={
        Object {
          "completed": null,
          "created": "2017-10-24T21:52:58.268940Z",
          "crumb_shot": "https://crumbproof-img.s3.amazonaws.com/media/images/937ac3f5-62a.jpg",
          "id": 113,
          "name": "Garlic Cheddar knots - irregular but delicious",
          "notes": "https://redd.it/6uixc2",
          "oven_end": null,
          "oven_start": null,
          "recipe": null,
          "started": null,
          "user": "breadit",
        }
      }
      key="113"
    />
    <ActivityCardPadded
      activity={
        Object {
          "completed": null,
          "created": "2017-10-24T21:52:53.668529Z",
          "crumb_shot": "https://crumbproof-img.s3.amazonaws.com/media/images/ff7b998f-505.jpg",
          "id": 112,
          "name": "My first attempt at fougasse.",
          "notes": "https://redd.it/6w7n1o",
          "oven_end": null,
          "oven_start": null,
          "recipe": null,
          "started": null,
          "user": "breadit",
        }
      }
      key="112"
    />
  </InfiniteScroll>
</div>
`;
