// Jest Snapshot v1, https://goo.gl/fbAQLP

exports[`renders without throwing 1`] = `
<Card
  expandable={false}
  expanded={null}
  initiallyExpanded={false}
>
  <CardMedia
    className="cardPhoto"
    overlay={
      <CardTitle
        subtitle="in 5 months by neildc"
        title="Saturday wholewheat but on a Thursday (first attempt)"
      />
    }
    overlayContainerStyle={
      Object {
        "pointerEvents": "none",
      }
    }
  >
    <LazyLoad
      offset={200}
      once={true}
      overflow={false}
      resize={false}
      scroll={true}
      unmountIfInvisible={false}
    >
      <ImageZoom
        defaultStyles={
          Object {
            "image": Object {},
            "overlay": Object {},
            "zoomContainer": Object {},
            "zoomImage": Object {},
          }
        }
        image={
          Object {
            "alt": "",
            "className": "img",
            "src": "https://crumbproof-img.s3.amazonaws.com/media/images/8fa50806-f37.jpg",
            "style": Object {
              "maxWidth": "100%",
            },
          }
        }
        onUnzoom={[Function]}
        onZoom={[Function]}
        shouldHandleZoom={[Function]}
        shouldReplaceImage={true}
        shouldRespectMaxDimension={false}
        zoomMargin={40}
      />
    </LazyLoad>
  </CardMedia>
  <div
    style={
      Object {
        "padding": "30px",
      }
    }
  >
    <div>
      <p>
        <b>
          Recipe Used:
        </b>
         
        <Link
          replace={false}
          to="/recipes/5"
        >
          The Saturday 75% Whole Wheat Bread
        </Link>
      </p>
      <p>
        <b>
          Notes:
        </b>
         
        Boule didn't hold much tension after the final proof. Decent crumb but crust wasn't crunchy.
        
        Maybe less water next time.
      </p>
      <Connect(RecipeDiff)
        recipe={
          Object {
            "base_recipe": null,
            "created": "2017-10-31T22:18:58.628723Z",
            "data": Object {
              "credits": "Flour water salt yeast by Ken Forkish",
              "ingredients": Array [
                Object {
                  "id": "eced125b-b723-445e-bc0b-80e361afac89",
                  "name": "Whole wheat flour",
                  "quantity": 750,
                  "unit": "g",
                },
                Object {
                  "id": "822a69a9-f26c-4ecb-ab67-8957ea32d16a",
                  "name": "Instant dried yeast",
                  "quantity": 3,
                  "unit": "g",
                },
              ],
              "instructions": Array [
                Object {
                  "content": "Mix the all the flour and water",
                  "id": "08bde909-e991-4297-9d3f-366c07f0db5d",
                },
                Object {
                  "content": "Cover and rest (up to 30 minutes)",
                  "id": "d056221d-2403-4e1e-af6b-2047dc20fa2b",
                  "time_gap_to_next": 20,
                },
              ],
              "name": "The Saturday 75% Whole Wheat Bread",
              "room_temperature": 22,
              "yield_count": 2,
              "yield_type": "Loaves",
            },
            "diff": null,
            "id": 5,
            "parent": null,
            "user": "neildc",
          }
        }
      />
    </div>
  </div>
</Card>
`;
