// Jest Snapshot v1, https://goo.gl/fbAQLP

exports[`renders without throwing 1`] = `
<FadeIn>
  <Card
    className="loginCard"
    expandable={false}
    expanded={null}
    initiallyExpanded={false}
  >
    <CardTitle
      className="loginCardTitle"
      title="Login"
    />
    <form
      className="loginForm"
    >
      <Field
        component={[Function]}
        label="Username"
        name="username"
        validate={
          Array [
            [Function],
          ]
        }
      />
      <Field
        component={[Function]}
        label="Password"
        name="password"
        type="password"
        validate={
          Array [
            [Function],
          ]
        }
      />
      <SubmitButton
        className="loginButton"
        fullWidth={true}
        label="Login"
        labelInProgress="Logging in..."
        submittingFlag={false}
      />
      <RaisedButton
        containerElement={
          <Link
            replace={false}
            to="/register"
          />
        }
        disabled={false}
        fullWidth={true}
        label="Register"
        labelPosition="after"
        primary={false}
        secondary={false}
        type="button"
      />
    </form>
    <Snackbar
      autoHideDuration={5000}
      message=""
      open={false}
      style={
        Object {
          "backgroundColor": "red",
        }
      }
    />
  </Card>
</FadeIn>
`;
